// Jest Snapshot v1, https://goo.gl/fbAQLP

exports[`Navbar should render correctly 1`] = `
ShallowWrapper {
  Symbol(enzyme.__root__): [Circular],
  Symbol(enzyme.__unrendered__): <Navbar />,
  Symbol(enzyme.__renderer__): Object {
    "batchedUpdates": [Function],
    "checkPropTypes": [Function],
    "getNode": [Function],
    "render": [Function],
    "simulateError": [Function],
    "simulateEvent": [Function],
    "unmount": [Function],
  },
  Symbol(enzyme.__node__): Object {
    "instance": null,
    "key": undefined,
    "nodeType": "host",
    "props": Object {
      "children": <span
        className="navbar-brand mb-0 h1 mx-auto"
      >
        Lyric Finder
      </span>,
      "className": "navbar navbar-dark bg-dark mb-5",
    },
    "ref": null,
    "rendered": Object {
      "instance": null,
      "key": undefined,
      "nodeType": "host",
      "props": Object {
        "children": "Lyric Finder",
        "className": "navbar-brand mb-0 h1 mx-auto",
      },
      "ref": null,
      "rendered": "Lyric Finder",
      "type": "span",
    },
    "type": "nav",
  },
  Symbol(enzyme.__nodes__): Array [
    Object {
      "instance": null,
      "key": undefined,
      "nodeType": "host",
      "props": Object {
        "children": <span
          className="navbar-brand mb-0 h1 mx-auto"
        >
          Lyric Finder
        </span>,
        "className": "navbar navbar-dark bg-dark mb-5",
      },
      "ref": null,
      "rendered": Object {
        "instance": null,
        "key": undefined,
        "nodeType": "host",
        "props": Object {
          "children": "Lyric Finder",
          "className": "navbar-brand mb-0 h1 mx-auto",
        },
        "ref": null,
        "rendered": "Lyric Finder",
        "type": "span",
      },
      "type": "nav",
    },
  ],
  Symbol(enzyme.__options__): Object {
    "adapter": ReactSixteenAdapter {
      "options": Object {
        "enableComponentDidUpdateOnSetState": true,
        "legacyContextMode": "parent",
        "lifecycles": Object {
          "componentDidUpdate": Object {
            "onSetState": true,
          },
          "getChildContext": Object {
            "calledByRenderer": false,
          },
          "getDerivedStateFromProps": Object {
            "hasShouldComponentUpdateBug": false,
          },
          "getSnapshotBeforeUpdate": true,
          "setState": Object {
            "skipsComponentDidUpdateOnNullish": true,
          },
        },
      },
    },
  },
}
`;
